<?xml version="1.0" encoding="ISO-8859-1" ?>
<link_info>
   <banner>MSP430 Linker PC v20.2.0.LTS</banner>
   <copyright>Copyright (c) 2003-2018 Texas Instruments Incorporated</copyright>
   <link_time>0x5ef12533</link_time>
   <link_errors>0x0</link_errors>
   <output_file>SingleBoard_3.1.out</output_file>
   <entry_point>
      <name>_c_int00_noargs</name>
      <address>0x936e</address>
   </entry_point>
   <input_file_list>
      <input_file id="fl-2">
         <path>.\</path>
         <kind>object</kind>
         <file>main.obj</file>
         <name>main.obj</name>
      </input_file>
      <input_file id="fl-3">
         <path>.\driverlib\MSP430FR5xx_6xx\</path>
         <kind>object</kind>
         <file>adc12_b.obj</file>
         <name>adc12_b.obj</name>
      </input_file>
      <input_file id="fl-4">
         <path>.\driverlib\MSP430FR5xx_6xx\</path>
         <kind>object</kind>
         <file>aes256.obj</file>
         <name>aes256.obj</name>
      </input_file>
      <input_file id="fl-5">
         <path>.\driverlib\MSP430FR5xx_6xx\</path>
         <kind>object</kind>
         <file>comp_e.obj</file>
         <name>comp_e.obj</name>
      </input_file>
      <input_file id="fl-6">
         <path>.\driverlib\MSP430FR5xx_6xx\</path>
         <kind>object</kind>
         <file>crc.obj</file>
         <name>crc.obj</name>
      </input_file>
      <input_file id="fl-7">
         <path>.\driverlib\MSP430FR5xx_6xx\</path>
         <kind>object</kind>
         <file>crc32.obj</file>
         <name>crc32.obj</name>
      </input_file>
      <input_file id="fl-8">
         <path>.\driverlib\MSP430FR5xx_6xx\</path>
         <kind>object</kind>
         <file>cs.obj</file>
         <name>cs.obj</name>
      </input_file>
      <input_file id="fl-9">
         <path>.\driverlib\MSP430FR5xx_6xx\</path>
         <kind>object</kind>
         <file>dma.obj</file>
         <name>dma.obj</name>
      </input_file>
      <input_file id="fl-a">
         <path>.\driverlib\MSP430FR5xx_6xx\</path>
         <kind>object</kind>
         <file>esi.obj</file>
         <name>esi.obj</name>
      </input_file>
      <input_file id="fl-b">
         <path>.\driverlib\MSP430FR5xx_6xx\</path>
         <kind>object</kind>
         <file>eusci_a_spi.obj</file>
         <name>eusci_a_spi.obj</name>
      </input_file>
      <input_file id="fl-c">
         <path>.\driverlib\MSP430FR5xx_6xx\</path>
         <kind>object</kind>
         <file>eusci_a_uart.obj</file>
         <name>eusci_a_uart.obj</name>
      </input_file>
      <input_file id="fl-d">
         <path>.\driverlib\MSP430FR5xx_6xx\</path>
         <kind>object</kind>
         <file>eusci_b_i2c.obj</file>
         <name>eusci_b_i2c.obj</name>
      </input_file>
      <input_file id="fl-e">
         <path>.\driverlib\MSP430FR5xx_6xx\</path>
         <kind>object</kind>
         <file>eusci_b_spi.obj</file>
         <name>eusci_b_spi.obj</name>
      </input_file>
      <input_file id="fl-f">
         <path>.\driverlib\MSP430FR5xx_6xx\</path>
         <kind>object</kind>
         <file>framctl.obj</file>
         <name>framctl.obj</name>
      </input_file>
      <input_file id="fl-10">
         <path>.\driverlib\MSP430FR5xx_6xx\</path>
         <kind>object</kind>
         <file>framctl_a.obj</file>
         <name>framctl_a.obj</name>
      </input_file>
      <input_file id="fl-11">
         <path>.\driverlib\MSP430FR5xx_6xx\</path>
         <kind>object</kind>
         <file>gpio.obj</file>
         <name>gpio.obj</name>
      </input_file>
      <input_file id="fl-12">
         <path>.\driverlib\MSP430FR5xx_6xx\</path>
         <kind>object</kind>
         <file>hspll.obj</file>
         <name>hspll.obj</name>
      </input_file>
      <input_file id="fl-13">
         <path>.\driverlib\MSP430FR5xx_6xx\</path>
         <kind>object</kind>
         <file>lcd_c.obj</file>
         <name>lcd_c.obj</name>
      </input_file>
      <input_file id="fl-14">
         <path>.\driverlib\MSP430FR5xx_6xx\</path>
         <kind>object</kind>
         <file>mpu.obj</file>
         <name>mpu.obj</name>
      </input_file>
      <input_file id="fl-15">
         <path>.\driverlib\MSP430FR5xx_6xx\</path>
         <kind>object</kind>
         <file>mpy32.obj</file>
         <name>mpy32.obj</name>
      </input_file>
      <input_file id="fl-16">
         <path>.\driverlib\MSP430FR5xx_6xx\</path>
         <kind>object</kind>
         <file>mtif.obj</file>
         <name>mtif.obj</name>
      </input_file>
      <input_file id="fl-17">
         <path>.\driverlib\MSP430FR5xx_6xx\</path>
         <kind>object</kind>
         <file>pmm.obj</file>
         <name>pmm.obj</name>
      </input_file>
      <input_file id="fl-18">
         <path>.\driverlib\MSP430FR5xx_6xx\</path>
         <kind>object</kind>
         <file>ram.obj</file>
         <name>ram.obj</name>
      </input_file>
      <input_file id="fl-19">
         <path>.\driverlib\MSP430FR5xx_6xx\</path>
         <kind>object</kind>
         <file>ref_a.obj</file>
         <name>ref_a.obj</name>
      </input_file>
      <input_file id="fl-1a">
         <path>.\driverlib\MSP430FR5xx_6xx\</path>
         <kind>object</kind>
         <file>rtc_b.obj</file>
         <name>rtc_b.obj</name>
      </input_file>
      <input_file id="fl-1b">
         <path>.\driverlib\MSP430FR5xx_6xx\</path>
         <kind>object</kind>
         <file>rtc_c.obj</file>
         <name>rtc_c.obj</name>
      </input_file>
      <input_file id="fl-1c">
         <path>.\driverlib\MSP430FR5xx_6xx\</path>
         <kind>object</kind>
         <file>saph.obj</file>
         <name>saph.obj</name>
      </input_file>
      <input_file id="fl-1d">
         <path>.\driverlib\MSP430FR5xx_6xx\</path>
         <kind>object</kind>
         <file>saph_a.obj</file>
         <name>saph_a.obj</name>
      </input_file>
      <input_file id="fl-1e">
         <path>.\driverlib\MSP430FR5xx_6xx\</path>
         <kind>object</kind>
         <file>sdhs.obj</file>
         <name>sdhs.obj</name>
      </input_file>
      <input_file id="fl-1f">
         <path>.\driverlib\MSP430FR5xx_6xx\</path>
         <kind>object</kind>
         <file>sfr.obj</file>
         <name>sfr.obj</name>
      </input_file>
      <input_file id="fl-20">
         <path>.\driverlib\MSP430FR5xx_6xx\</path>
         <kind>object</kind>
         <file>sysctl.obj</file>
         <name>sysctl.obj</name>
      </input_file>
      <input_file id="fl-21">
         <path>.\driverlib\MSP430FR5xx_6xx\</path>
         <kind>object</kind>
         <file>timer_a.obj</file>
         <name>timer_a.obj</name>
      </input_file>
      <input_file id="fl-22">
         <path>.\driverlib\MSP430FR5xx_6xx\</path>
         <kind>object</kind>
         <file>timer_b.obj</file>
         <name>timer_b.obj</name>
      </input_file>
      <input_file id="fl-23">
         <path>.\driverlib\MSP430FR5xx_6xx\</path>
         <kind>object</kind>
         <file>tlv.obj</file>
         <name>tlv.obj</name>
      </input_file>
      <input_file id="fl-24">
         <path>.\driverlib\MSP430FR5xx_6xx\</path>
         <kind>object</kind>
         <file>uups.obj</file>
         <name>uups.obj</name>
      </input_file>
      <input_file id="fl-25">
         <path>.\driverlib\MSP430FR5xx_6xx\</path>
         <kind>object</kind>
         <file>wdt_a.obj</file>
         <name>wdt_a.obj</name>
      </input_file>
      <input_file id="fl-26">
         <path>.\src\</path>
         <kind>object</kind>
         <file>audio.obj</file>
         <name>audio.obj</name>
      </input_file>
      <input_file id="fl-27">
         <path>.\src\</path>
         <kind>object</kind>
         <file>dataPort.obj</file>
         <name>dataPort.obj</name>
      </input_file>
      <input_file id="fl-28">
         <path>.\src\</path>
         <kind>object</kind>
         <file>debugPort.obj</file>
         <name>debugPort.obj</name>
      </input_file>
      <input_file id="fl-29">
         <path>.\src\</path>
         <kind>object</kind>
         <file>hw.obj</file>
         <name>hw.obj</name>
      </input_file>
      <input_file id="fl-2a">
         <path>.\src\</path>
         <kind>object</kind>
         <file>leds.obj</file>
         <name>leds.obj</name>
      </input_file>
      <input_file id="fl-2b">
         <path>.\src\</path>
         <kind>object</kind>
         <file>nrf905.obj</file>
         <name>nrf905.obj</name>
      </input_file>
      <input_file id="fl-2c">
         <path>.\src\</path>
         <kind>object</kind>
         <file>rtc_c.obj</file>
         <name>rtc_c.obj</name>
      </input_file>
      <input_file id="fl-2d">
         <path>.\src\</path>
         <kind>object</kind>
         <file>setup.obj</file>
         <name>setup.obj</name>
      </input_file>
      <input_file id="fl-2e">
         <path>.\src\</path>
         <kind>object</kind>
         <file>timer_a3.obj</file>
         <name>timer_a3.obj</name>
      </input_file>
      <input_file id="fl-2f">
         <path>.\src_asm\</path>
         <kind>object</kind>
         <file>adcCopy2FRAM.obj</file>
         <name>adcCopy2FRAM.obj</name>
      </input_file>
      <input_file id="fl-30">
         <path>.\src_asm\</path>
         <kind>object</kind>
         <file>z_audio.obj</file>
         <name>z_audio.obj</name>
      </input_file>
      <input_file id="fl-36">
         <kind>object</kind>
         <file>&lt;internal&gt;</file>
         <name>&lt;internal&gt;</name>
      </input_file>
      <input_file id="fl-51">
         <path>C:\ti\ccs1000\ccs\tools\compiler\ti-cgt-msp430_20.2.0.LTS\lib\</path>
         <kind>archive</kind>
         <file>rts430x_lc_ld_eabi.lib</file>
         <name>copy_decompress_lzss.c.obj</name>
      </input_file>
      <input_file id="fl-52">
         <path>C:\ti\ccs1000\ccs\tools\compiler\ti-cgt-msp430_20.2.0.LTS\lib\</path>
         <kind>archive</kind>
         <file>rts430x_lc_ld_eabi.lib</file>
         <name>copy_decompress_none.c.obj</name>
      </input_file>
      <input_file id="fl-53">
         <path>C:\ti\ccs1000\ccs\tools\compiler\ti-cgt-msp430_20.2.0.LTS\lib\</path>
         <kind>archive</kind>
         <file>rts430x_lc_ld_eabi.lib</file>
         <name>int27.asm.obj</name>
      </input_file>
      <input_file id="fl-54">
         <path>C:\ti\ccs1000\ccs\tools\compiler\ti-cgt-msp430_20.2.0.LTS\lib\</path>
         <kind>archive</kind>
         <file>rts430x_lc_ld_eabi.lib</file>
         <name>isr_trap.asm.obj</name>
      </input_file>
      <input_file id="fl-55">
         <path>C:\ti\ccs1000\ccs\tools\compiler\ti-cgt-msp430_20.2.0.LTS\lib\</path>
         <kind>archive</kind>
         <file>rts430x_lc_ld_eabi.lib</file>
         <name>int30.asm.obj</name>
      </input_file>
      <input_file id="fl-56">
         <path>C:\ti\ccs1000\ccs\tools\compiler\ti-cgt-msp430_20.2.0.LTS\lib\</path>
         <kind>archive</kind>
         <file>rts430x_lc_ld_eabi.lib</file>
         <name>int33.asm.obj</name>
      </input_file>
      <input_file id="fl-57">
         <path>C:\ti\ccs1000\ccs\tools\compiler\ti-cgt-msp430_20.2.0.LTS\lib\</path>
         <kind>archive</kind>
         <file>rts430x_lc_ld_eabi.lib</file>
         <name>int34.asm.obj</name>
      </input_file>
      <input_file id="fl-58">
         <path>C:\ti\ccs1000\ccs\tools\compiler\ti-cgt-msp430_20.2.0.LTS\lib\</path>
         <kind>archive</kind>
         <file>rts430x_lc_ld_eabi.lib</file>
         <name>int35.asm.obj</name>
      </input_file>
      <input_file id="fl-59">
         <path>C:\ti\ccs1000\ccs\tools\compiler\ti-cgt-msp430_20.2.0.LTS\lib\</path>
         <kind>archive</kind>
         <file>rts430x_lc_ld_eabi.lib</file>
         <name>int36.asm.obj</name>
      </input_file>
      <input_file id="fl-5a">
         <path>C:\ti\ccs1000\ccs\tools\compiler\ti-cgt-msp430_20.2.0.LTS\lib\</path>
         <kind>archive</kind>
         <file>rts430x_lc_ld_eabi.lib</file>
         <name>int39.asm.obj</name>
      </input_file>
      <input_file id="fl-5b">
         <path>C:\ti\ccs1000\ccs\tools\compiler\ti-cgt-msp430_20.2.0.LTS\lib\</path>
         <kind>archive</kind>
         <file>rts430x_lc_ld_eabi.lib</file>
         <name>int40.asm.obj</name>
      </input_file>
      <input_file id="fl-5c">
         <path>C:\ti\ccs1000\ccs\tools\compiler\ti-cgt-msp430_20.2.0.LTS\lib\</path>
         <kind>archive</kind>
         <file>rts430x_lc_ld_eabi.lib</file>
         <name>int41.asm.obj</name>
      </input_file>
      <input_file id="fl-5d">
         <path>C:\ti\ccs1000\ccs\tools\compiler\ti-cgt-msp430_20.2.0.LTS\lib\</path>
         <kind>archive</kind>
         <file>rts430x_lc_ld_eabi.lib</file>
         <name>int42.asm.obj</name>
      </input_file>
      <input_file id="fl-5e">
         <path>C:\ti\ccs1000\ccs\tools\compiler\ti-cgt-msp430_20.2.0.LTS\lib\</path>
         <kind>archive</kind>
         <file>rts430x_lc_ld_eabi.lib</file>
         <name>int43.asm.obj</name>
      </input_file>
      <input_file id="fl-5f">
         <path>C:\ti\ccs1000\ccs\tools\compiler\ti-cgt-msp430_20.2.0.LTS\lib\</path>
         <kind>archive</kind>
         <file>rts430x_lc_ld_eabi.lib</file>
         <name>int44.asm.obj</name>
      </input_file>
      <input_file id="fl-60">
         <path>C:\ti\ccs1000\ccs\tools\compiler\ti-cgt-msp430_20.2.0.LTS\lib\</path>
         <kind>archive</kind>
         <file>rts430x_lc_ld_eabi.lib</file>
         <name>int46.asm.obj</name>
      </input_file>
      <input_file id="fl-61">
         <path>C:\ti\ccs1000\ccs\tools\compiler\ti-cgt-msp430_20.2.0.LTS\lib\</path>
         <kind>archive</kind>
         <file>rts430x_lc_ld_eabi.lib</file>
         <name>int48.asm.obj</name>
      </input_file>
      <input_file id="fl-62">
         <path>C:\ti\ccs1000\ccs\tools\compiler\ti-cgt-msp430_20.2.0.LTS\lib\</path>
         <kind>archive</kind>
         <file>rts430x_lc_ld_eabi.lib</file>
         <name>int49.asm.obj</name>
      </input_file>
      <input_file id="fl-63">
         <path>C:\ti\ccs1000\ccs\tools\compiler\ti-cgt-msp430_20.2.0.LTS\lib\</path>
         <kind>archive</kind>
         <file>rts430x_lc_ld_eabi.lib</file>
         <name>int50.asm.obj</name>
      </input_file>
      <input_file id="fl-64">
         <path>C:\ti\ccs1000\ccs\tools\compiler\ti-cgt-msp430_20.2.0.LTS\lib\</path>
         <kind>archive</kind>
         <file>rts430x_lc_ld_eabi.lib</file>
         <name>int51.asm.obj</name>
      </input_file>
      <input_file id="fl-65">
         <path>C:\ti\ccs1000\ccs\tools\compiler\ti-cgt-msp430_20.2.0.LTS\lib\</path>
         <kind>archive</kind>
         <file>rts430x_lc_ld_eabi.lib</file>
         <name>int52.asm.obj</name>
      </input_file>
      <input_file id="fl-66">
         <path>C:\ti\ccs1000\ccs\tools\compiler\ti-cgt-msp430_20.2.0.LTS\lib\</path>
         <kind>archive</kind>
         <file>rts430x_lc_ld_eabi.lib</file>
         <name>int53.asm.obj</name>
      </input_file>
      <input_file id="fl-67">
         <path>C:\ti\ccs1000\ccs\tools\compiler\ti-cgt-msp430_20.2.0.LTS\lib\</path>
         <kind>archive</kind>
         <file>rts430x_lc_ld_eabi.lib</file>
         <name>int54.asm.obj</name>
      </input_file>
      <input_file id="fl-68">
         <path>C:\ti\ccs1000\ccs\tools\compiler\ti-cgt-msp430_20.2.0.LTS\lib\</path>
         <kind>archive</kind>
         <file>rts430x_lc_ld_eabi.lib</file>
         <name>copy_zero_init.c.obj</name>
      </input_file>
      <input_file id="fl-69">
         <path>C:\ti\ccs1000\ccs\tools\compiler\ti-cgt-msp430_20.2.0.LTS\lib\</path>
         <kind>archive</kind>
         <file>rts430x_lc_ld_eabi.lib</file>
         <name>div16s.asm.obj</name>
      </input_file>
      <input_file id="fl-6a">
         <path>C:\ti\ccs1000\ccs\tools\compiler\ti-cgt-msp430_20.2.0.LTS\lib\</path>
         <kind>archive</kind>
         <file>rts430x_lc_ld_eabi.lib</file>
         <name>div32s.asm.obj</name>
      </input_file>
      <input_file id="fl-6b">
         <path>C:\ti\ccs1000\ccs\tools\compiler\ti-cgt-msp430_20.2.0.LTS\lib\</path>
         <kind>archive</kind>
         <file>rts430x_lc_ld_eabi.lib</file>
         <name>div16u.asm.obj</name>
      </input_file>
      <input_file id="fl-6c">
         <path>C:\ti\ccs1000\ccs\tools\compiler\ti-cgt-msp430_20.2.0.LTS\lib\</path>
         <kind>archive</kind>
         <file>rts430x_lc_ld_eabi.lib</file>
         <name>div32u.asm.obj</name>
      </input_file>
      <input_file id="fl-6d">
         <path>C:\ti\ccs1000\ccs\tools\compiler\ti-cgt-msp430_20.2.0.LTS\lib\</path>
         <kind>archive</kind>
         <file>rts430x_lc_ld_eabi.lib</file>
         <name>mult16.asm.obj</name>
      </input_file>
      <input_file id="fl-6e">
         <path>C:\ti\ccs1000\ccs\tools\compiler\ti-cgt-msp430_20.2.0.LTS\lib\</path>
         <kind>archive</kind>
         <file>rts430x_lc_ld_eabi.lib</file>
         <name>mult16_f5hw.asm.obj</name>
      </input_file>
      <input_file id="fl-6f">
         <path>C:\ti\ccs1000\ccs\tools\compiler\ti-cgt-msp430_20.2.0.LTS\lib\</path>
         <kind>archive</kind>
         <file>rts430x_lc_ld_eabi.lib</file>
         <name>mult32_f5hw.asm.obj</name>
      </input_file>
      <input_file id="fl-70">
         <path>C:\ti\ccs1000\ccs\tools\compiler\ti-cgt-msp430_20.2.0.LTS\lib\</path>
         <kind>archive</kind>
         <file>rts430x_lc_ld_eabi.lib</file>
         <name>mult64_f5hw.asm.obj</name>
      </input_file>
      <input_file id="fl-71">
         <path>C:\ti\ccs1000\ccs\tools\compiler\ti-cgt-msp430_20.2.0.LTS\lib\</path>
         <kind>archive</kind>
         <file>rts430x_lc_ld_eabi.lib</file>
         <name>mult1632_f5hw.asm.obj</name>
      </input_file>
      <input_file id="fl-72">
         <path>C:\ti\ccs1000\ccs\tools\compiler\ti-cgt-msp430_20.2.0.LTS\lib\</path>
         <kind>archive</kind>
         <file>rts430x_lc_ld_eabi.lib</file>
         <name>mult3264_f5hw.asm.obj</name>
      </input_file>
      <input_file id="fl-73">
         <path>C:\ti\ccs1000\ccs\tools\compiler\ti-cgt-msp430_20.2.0.LTS\lib\</path>
         <kind>archive</kind>
         <file>rts430x_lc_ld_eabi.lib</file>
         <name>lsl16.asm.obj</name>
      </input_file>
      <input_file id="fl-74">
         <path>C:\ti\ccs1000\ccs\tools\compiler\ti-cgt-msp430_20.2.0.LTS\lib\</path>
         <kind>archive</kind>
         <file>rts430x_lc_ld_eabi.lib</file>
         <name>asr16.asm.obj</name>
      </input_file>
      <input_file id="fl-75">
         <path>C:\ti\ccs1000\ccs\tools\compiler\ti-cgt-msp430_20.2.0.LTS\lib\</path>
         <kind>archive</kind>
         <file>rts430x_lc_ld_eabi.lib</file>
         <name>boot.c.obj</name>
      </input_file>
      <input_file id="fl-76">
         <path>C:\ti\ccs1000\ccs\tools\compiler\ti-cgt-msp430_20.2.0.LTS\lib\</path>
         <kind>archive</kind>
         <file>rts430x_lc_ld_eabi.lib</file>
         <name>mpu_init.c.obj</name>
      </input_file>
      <input_file id="fl-77">
         <path>C:\ti\ccs1000\ccs\tools\compiler\ti-cgt-msp430_20.2.0.LTS\lib\</path>
         <kind>archive</kind>
         <file>rts430x_lc_ld_eabi.lib</file>
         <name>args_main.c.obj</name>
      </input_file>
      <input_file id="fl-78">
         <path>C:\ti\ccs1000\ccs\tools\compiler\ti-cgt-msp430_20.2.0.LTS\lib\</path>
         <kind>archive</kind>
         <file>rts430x_lc_ld_eabi.lib</file>
         <name>autoinit.c.obj</name>
      </input_file>
      <input_file id="fl-79">
         <path>C:\ti\ccs1000\ccs\tools\compiler\ti-cgt-msp430_20.2.0.LTS\lib\</path>
         <kind>archive</kind>
         <file>rts430x_lc_ld_eabi.lib</file>
         <name>asr32.asm.obj</name>
      </input_file>
      <input_file id="fl-7a">
         <path>C:\ti\ccs1000\ccs\tools\compiler\ti-cgt-msp430_20.2.0.LTS\lib\</path>
         <kind>archive</kind>
         <file>rts430x_lc_ld_eabi.lib</file>
         <name>ctype.c.obj</name>
      </input_file>
      <input_file id="fl-7b">
         <path>C:\ti\ccs1000\ccs\tools\compiler\ti-cgt-msp430_20.2.0.LTS\lib\</path>
         <kind>archive</kind>
         <file>rts430x_lc_ld_eabi.lib</file>
         <name>startup.c.obj</name>
      </input_file>
      <input_file id="fl-7c">
         <path>C:\ti\ccs1000\ccs\tools\compiler\ti-cgt-msp430_20.2.0.LTS\lib\</path>
         <kind>archive</kind>
         <file>rts430x_lc_ld_eabi.lib</file>
         <name>pre_init.c.obj</name>
      </input_file>
      <input_file id="fl-7d">
         <path>C:\ti\ccs1000\ccs\tools\compiler\ti-cgt-msp430_20.2.0.LTS\lib\</path>
         <kind>archive</kind>
         <file>rts430x_lc_ld_eabi.lib</file>
         <name>cpy_tbl.c.obj</name>
      </input_file>
      <input_file id="fl-7e">
         <path>C:\ti\ccs1000\ccs\tools\compiler\ti-cgt-msp430_20.2.0.LTS\lib\</path>
         <kind>archive</kind>
         <file>rts430x_lc_ld_eabi.lib</file>
         <name>exit.c.obj</name>
      </input_file>
      <input_file id="fl-7f">
         <path>C:\ti\ccs1000\ccs\tools\compiler\ti-cgt-msp430_20.2.0.LTS\lib\</path>
         <kind>archive</kind>
         <file>rts430x_lc_ld_eabi.lib</file>
         <name>exit_gvars.c.obj</name>
      </input_file>
      <input_file id="fl-80">
         <path>C:\ti\ccs1000\ccs\tools\compiler\ti-cgt-msp430_20.2.0.LTS\lib\</path>
         <kind>archive</kind>
         <file>rts430x_lc_ld_eabi.lib</file>
         <name>_lock.c.obj</name>
      </input_file>
      <input_file id="fl-81">
         <path>C:\ti\ccs1000\ccs\tools\compiler\ti-cgt-msp430_20.2.0.LTS\lib\</path>
         <kind>archive</kind>
         <file>rts430x_lc_ld_eabi.lib</file>
         <name>memcpy.c.obj</name>
      </input_file>
      <input_file id="fl-82">
         <path>C:\ti\ccs1000\ccs\tools\compiler\ti-cgt-msp430_20.2.0.LTS\lib\</path>
         <kind>archive</kind>
         <file>rts430x_lc_ld_eabi.lib</file>
         <name>memset.c.obj</name>
      </input_file>
      <input_file id="fl-83">
         <path>C:\ti\ccs1000\ccs\tools\compiler\ti-cgt-msp430_20.2.0.LTS\lib\</path>
         <kind>archive</kind>
         <file>rts430x_lc_ld_eabi.lib</file>
         <name>strcpy.c.obj</name>
      </input_file>
      <input_file id="fl-84">
         <path>C:\ti\ccs1000\ccs\tools\compiler\ti-cgt-msp430_20.2.0.LTS\lib\</path>
         <kind>archive</kind>
         <file>rts430x_lc_ld_eabi.lib</file>
         <name>strlen.c.obj</name>
      </input_file>
      <input_file id="fl-85">
         <path>C:\ti\ccs1000\ccs\tools\compiler\ti-cgt-msp430_20.2.0.LTS\lib\</path>
         <kind>archive</kind>
         <file>rts430x_lc_ld_eabi.lib</file>
         <name>strtoul.c.obj</name>
      </input_file>
      <input_file id="fl-86">
         <path>C:\ti\ccs1000\ccs\tools\compiler\ti-cgt-msp430_20.2.0.LTS\lib\</path>
         <kind>archive</kind>
         <file>rts430x_lc_ld_eabi.lib</file>
         <name>mult32.asm.obj</name>
      </input_file>
      <input_file id="fl-87">
         <path>C:\ti\ccs1000\ccs\tools\compiler\ti-cgt-msp430_20.2.0.LTS\lib\</path>
         <kind>archive</kind>
         <file>rts430x_lc_ld_eabi.lib</file>
         <name>errno.c.obj</name>
      </input_file>
   </input_file_list>
   <object_component_list>
      <object_component id="oc-d7e">
         <name>.cinit..data.load</name>
         <load_address>0x9392</load_address>
         <run_address>0x9392</run_address>
         <size>0x27</size>
      </object_component>
      <object_component id="oc-d7b">
         <name>__TI_handler_table</name>
         <load_address>0x93ba</load_address>
         <run_address>0x93ba</run_address>
         <size>0xc</size>
      </object_component>
      <object_component id="oc-d7f">
         <name>.cinit..TI.bound:audio_samples_0.load</name>
         <load_address>0x93c6</load_address>
         <run_address>0x93c6</run_address>
         <size>0x6</size>
      </object_component>
      <object_component id="oc-d80">
         <name>.cinit..TI.bound:audio_samples_1.load</name>
         <load_address>0x93cc</load_address>
         <run_address>0x93cc</run_address>
         <size>0x6</size>
      </object_component>
      <object_component id="oc-d81">
         <name>.cinit..TI.bound:audio_samples_2.load</name>
         <load_address>0x93d2</load_address>
         <run_address>0x93d2</run_address>
         <size>0x6</size>
      </object_component>
      <object_component id="oc-d82">
         <name>.cinit..TI.bound:audio_samples_3.load</name>
         <load_address>0x93d8</load_address>
         <run_address>0x93d8</run_address>
         <size>0x6</size>
      </object_component>
      <object_component id="oc-d83">
         <name>.cinit..TI.bound:audio_samples_4.load</name>
         <load_address>0x93de</load_address>
         <run_address>0x93de</run_address>
         <size>0x6</size>
      </object_component>
      <object_component id="oc-d7d">
         <name>.cinit..bss.load</name>
         <load_address>0x93e4</load_address>
         <run_address>0x93e4</run_address>
         <size>0x6</size>
      </object_component>
      <object_component id="oc-d7c">
         <name>__TI_cinit_table</name>
         <load_address>0x93ea</load_address>
         <run_address>0x93ea</run_address>
         <size>0x38</size>
      </object_component>
      <object_component id="oc-d06">
         <name>.binit</name>
         <load_address>0x4400</load_address>
         <run_address>0x4400</run_address>
         <size>0x0</size>
      </object_component>
      <object_component id="oc-984">
         <name>.const:.string</name>
         <load_address>0x864a</load_address>
         <run_address>0x864a</run_address>
         <size>0x4be</size>
         <input_file_ref idref="fl-2d"/>
      </object_component>
      <object_component id="oc-951">
         <name>.const:.string</name>
         <load_address>0x8b08</load_address>
         <run_address>0x8b08</run_address>
         <size>0x21c</size>
         <input_file_ref idref="fl-2b"/>
      </object_component>
      <object_component id="oc-8f3">
         <name>.const:.string</name>
         <load_address>0x8d24</load_address>
         <run_address>0x8d24</run_address>
         <size>0x180</size>
         <input_file_ref idref="fl-2c"/>
      </object_component>
      <object_component id="oc-cd3">
         <name>.const:.string</name>
         <load_address>0x8ea4</load_address>
         <run_address>0x8ea4</run_address>
         <size>0x136</size>
         <input_file_ref idref="fl-26"/>
      </object_component>
      <object_component id="oc-b37">
         <name>.const:.string:_ctypes_</name>
         <load_address>0x8fda</load_address>
         <run_address>0x8fda</run_address>
         <size>0x101</size>
         <input_file_ref idref="fl-7a"/>
      </object_component>
      <object_component id="oc-75d">
         <name>.const:.string</name>
         <load_address>0x90dc</load_address>
         <run_address>0x90dc</run_address>
         <size>0xb4</size>
         <input_file_ref idref="fl-2"/>
      </object_component>
      <object_component id="oc-8eb">
         <name>.const:.string</name>
         <load_address>0x9190</load_address>
         <run_address>0x9190</run_address>
         <size>0x1c</size>
         <input_file_ref idref="fl-28"/>
      </object_component>
      <object_component id="oc-6bb">
         <name>.const:GPIO_PORT_TO_BASE</name>
         <load_address>0x91ac</load_address>
         <run_address>0x91ac</run_address>
         <size>0x1c</size>
         <input_file_ref idref="fl-11"/>
      </object_component>
      <object_component id="oc-cb5">
         <name>.const:TM_MON_DAYS_ACCU</name>
         <load_address>0x91c8</load_address>
         <run_address>0x91c8</run_address>
         <size>0x18</size>
         <input_file_ref idref="fl-2c"/>
      </object_component>
      <object_component id="oc-bce">
         <name>.const:$P$T0$1</name>
         <load_address>0x91e0</load_address>
         <run_address>0x91e0</run_address>
         <size>0x10</size>
         <input_file_ref idref="fl-27"/>
      </object_component>
      <object_component id="oc-8ca">
         <name>.const:$P$T0$1</name>
         <load_address>0x91f0</load_address>
         <run_address>0x91f0</run_address>
         <size>0x10</size>
         <input_file_ref idref="fl-28"/>
      </object_component>
      <object_component id="oc-af9">
         <name>.const:$P$T3$4</name>
         <load_address>0x9200</load_address>
         <run_address>0x9200</run_address>
         <size>0xe</size>
         <input_file_ref idref="fl-26"/>
      </object_component>
      <object_component id="oc-a20">
         <name>.const:.string</name>
         <load_address>0x920e</load_address>
         <run_address>0x920e</run_address>
         <size>0xc</size>
         <input_file_ref idref="fl-27"/>
      </object_component>
      <object_component id="oc-ad2">
         <name>.const:$P$T0$1</name>
         <load_address>0x921a</load_address>
         <run_address>0x921a</run_address>
         <size>0xa</size>
         <input_file_ref idref="fl-26"/>
      </object_component>
      <object_component id="oc-89d">
         <name>.const:$P$T0$1</name>
         <load_address>0x9224</load_address>
         <run_address>0x9224</run_address>
         <size>0xa</size>
         <input_file_ref idref="fl-2e"/>
      </object_component>
      <object_component id="oc-ae7">
         <name>.const:$P$T1$2</name>
         <load_address>0x922e</load_address>
         <run_address>0x922e</run_address>
         <size>0xa</size>
         <input_file_ref idref="fl-26"/>
      </object_component>
      <object_component id="oc-af6">
         <name>.const:$P$T2$3</name>
         <load_address>0x9238</load_address>
         <run_address>0x9238</run_address>
         <size>0xa</size>
         <input_file_ref idref="fl-26"/>
      </object_component>
      <object_component id="oc-5d0">
         <name>.text:_isr:Port_3</name>
         <load_address>0x9242</load_address>
         <run_address>0x9242</run_address>
         <size>0x34</size>
         <input_file_ref idref="fl-2b"/>
      </object_component>
      <object_component id="oc-5d6">
         <name>.text:_isr:TIMER3_A1_ISR</name>
         <load_address>0x9276</load_address>
         <run_address>0x9276</run_address>
         <size>0x32</size>
         <input_file_ref idref="fl-2e"/>
      </object_component>
      <object_component id="oc-5ca">
         <name>.text:_isr:RTC_ISR</name>
         <load_address>0x92a8</load_address>
         <run_address>0x92a8</run_address>
         <size>0x2c</size>
         <input_file_ref idref="fl-2c"/>
      </object_component>
      <object_component id="oc-5e8">
         <name>.text:_isr:ADC12_ISR</name>
         <load_address>0x92d4</load_address>
         <run_address>0x92d4</run_address>
         <size>0x2a</size>
         <input_file_ref idref="fl-26"/>
      </object_component>
      <object_component id="oc-5ee">
         <name>.text:_isr:USCI_A0_ISR</name>
         <load_address>0x92fe</load_address>
         <run_address>0x92fe</run_address>
         <size>0x28</size>
         <input_file_ref idref="fl-28"/>
      </object_component>
      <object_component id="oc-5dc">
         <name>.text:_isr:Port_1</name>
         <load_address>0x9326</load_address>
         <run_address>0x9326</run_address>
         <size>0x26</size>
         <input_file_ref idref="fl-29"/>
      </object_component>
      <object_component id="oc-5e2">
         <name>.text:_isr:TIMER1_A1_ISR</name>
         <load_address>0x934c</load_address>
         <run_address>0x934c</run_address>
         <size>0x22</size>
         <input_file_ref idref="fl-26"/>
      </object_component>
      <object_component id="oc-606">
         <name>.text:_isr:_c_int00_noargs</name>
         <load_address>0x936e</load_address>
         <run_address>0x936e</run_address>
         <size>0x1c</size>
         <input_file_ref idref="fl-75"/>
      </object_component>
      <object_component id="oc-5c5">
         <name>.text:_isr:__TI_ISR_TRAP</name>
         <load_address>0x938a</load_address>
         <run_address>0x938a</run_address>
         <size>0x8</size>
         <input_file_ref idref="fl-54"/>
      </object_component>
      <object_component id="oc-9a3">
         <name>.text:setup</name>
         <load_address>0x4400</load_address>
         <run_address>0x4400</run_address>
         <size>0x61e</size>
         <input_file_ref idref="fl-2d"/>
      </object_component>
      <object_component id="oc-a4f">
         <name>.text</name>
         <load_address>0x4a1e</load_address>
         <run_address>0x4a1e</run_address>
         <size>0x48c</size>
         <input_file_ref idref="fl-30"/>
      </object_component>
      <object_component id="oc-692">
         <name>.text:main</name>
         <load_address>0x4eaa</load_address>
         <run_address>0x4eaa</run_address>
         <size>0x34a</size>
         <input_file_ref idref="fl-2"/>
      </object_component>
      <object_component id="oc-76a">
         <name>.text:nRF905_sndRstHB</name>
         <load_address>0x51f4</load_address>
         <run_address>0x51f4</run_address>
         <size>0x2b8</size>
         <input_file_ref idref="fl-2b"/>
      </object_component>
      <object_component id="oc-bda">
         <name>.text</name>
         <load_address>0x54ac</load_address>
         <run_address>0x54ac</run_address>
         <size>0x226</size>
         <input_file_ref idref="fl-2f"/>
      </object_component>
      <object_component id="oc-b31">
         <name>.text:strtoul</name>
         <load_address>0x56d2</load_address>
         <run_address>0x56d2</run_address>
         <size>0x1d8</size>
         <input_file_ref idref="fl-85"/>
      </object_component>
      <object_component id="oc-776">
         <name>.text:setup_enter</name>
         <load_address>0x58aa</load_address>
         <run_address>0x58aa</run_address>
         <size>0x196</size>
         <input_file_ref idref="fl-2d"/>
      </object_component>
      <object_component id="oc-9e1">
         <name>.text:put_setup</name>
         <load_address>0x5a40</load_address>
         <run_address>0x5a40</run_address>
         <size>0x174</size>
         <input_file_ref idref="fl-2d"/>
      </object_component>
      <object_component id="oc-7ef">
         <name>.text:nRF905_send_3rd</name>
         <load_address>0x5bb4</load_address>
         <run_address>0x5bb4</run_address>
         <size>0x146</size>
         <input_file_ref idref="fl-2b"/>
      </object_component>
      <object_component id="oc-7f5">
         <name>.text:nRF905_send_2nd</name>
         <load_address>0x5cfa</load_address>
         <run_address>0x5cfa</run_address>
         <size>0x144</size>
         <input_file_ref idref="fl-2b"/>
      </object_component>
      <object_component id="oc-6eb">
         <name>.text:CS_setDCOFreq</name>
         <load_address>0x5e3e</load_address>
         <run_address>0x5e3e</run_address>
         <size>0x140</size>
         <input_file_ref idref="fl-8"/>
      </object_component>
      <object_component id="oc-7e9">
         <name>.text:vWfDataOut</name>
         <load_address>0x5f7e</load_address>
         <run_address>0x5f7e</run_address>
         <size>0x132</size>
         <input_file_ref idref="fl-27"/>
      </object_component>
      <object_component id="oc-757">
         <name>.text:printVersion</name>
         <load_address>0x60b0</load_address>
         <run_address>0x60b0</run_address>
         <size>0x11c</size>
         <input_file_ref idref="fl-2c"/>
      </object_component>
      <object_component id="oc-923">
         <name>.text:adcInit</name>
         <load_address>0x61cc</load_address>
         <run_address>0x61cc</run_address>
         <size>0x11a</size>
         <input_file_ref idref="fl-26"/>
      </object_component>
      <object_component id="oc-7bf">
         <name>.text:EnterLPM35</name>
         <load_address>0x62e6</load_address>
         <run_address>0x62e6</run_address>
         <size>0x108</size>
         <input_file_ref idref="fl-2"/>
      </object_component>
      <object_component id="oc-7ad">
         <name>.text:nRF905_SetRTC</name>
         <load_address>0x63ee</load_address>
         <run_address>0x63ee</run_address>
         <size>0x102</size>
         <input_file_ref idref="fl-2b"/>
      </object_component>
      <object_component id="oc-9cb">
         <name>.text:printDateTime</name>
         <load_address>0x64f0</load_address>
         <run_address>0x64f0</run_address>
         <size>0xea</size>
         <input_file_ref idref="fl-2c"/>
      </object_component>
      <object_component id="oc-99d">
         <name>.text:EnterLPM35_cmd</name>
         <load_address>0x65da</load_address>
         <run_address>0x65da</run_address>
         <size>0xde</size>
         <input_file_ref idref="fl-2"/>
      </object_component>
      <object_component id="oc-985">
         <name>.text:uart_getHexTo</name>
         <load_address>0x66b8</load_address>
         <run_address>0x66b8</run_address>
         <size>0xc2</size>
         <input_file_ref idref="fl-28"/>
      </object_component>
      <object_component id="oc-c17">
         <name>.text:DSPLY_VARIANCE</name>
         <load_address>0x677a</load_address>
         <run_address>0x677a</run_address>
         <size>0xbc</size>
         <input_file_ref idref="fl-26"/>
      </object_component>
      <object_component id="oc-93b">
         <name>.text:nRF905_Configure</name>
         <load_address>0x6836</load_address>
         <run_address>0x6836</run_address>
         <size>0xbc</size>
         <input_file_ref idref="fl-2b"/>
      </object_component>
      <object_component id="oc-c0b">
         <name>.text:DSPLY_CNTRS</name>
         <load_address>0x68f2</load_address>
         <run_address>0x68f2</run_address>
         <size>0xac</size>
         <input_file_ref idref="fl-26"/>
      </object_component>
      <object_component id="oc-9c5">
         <name>.text:packet2calendar</name>
         <load_address>0x699e</load_address>
         <run_address>0x699e</run_address>
         <size>0xaa</size>
         <input_file_ref idref="fl-2c"/>
      </object_component>
      <object_component id="oc-8cd">
         <name>.text:EUSCI_A_UART_init</name>
         <load_address>0x6a48</load_address>
         <run_address>0x6a48</run_address>
         <size>0x9a</size>
         <input_file_ref idref="fl-c"/>
      </object_component>
      <object_component id="oc-ad5">
         <name>.text:ADC12_B_init</name>
         <load_address>0x6ae2</load_address>
         <run_address>0x6ae2</run_address>
         <size>0x98</size>
         <input_file_ref idref="fl-3"/>
      </object_component>
      <object_component id="oc-8b8">
         <name>.text:default_setup</name>
         <load_address>0x6b7a</load_address>
         <run_address>0x6b7a</run_address>
         <size>0x90</size>
         <input_file_ref idref="fl-2d"/>
      </object_component>
      <object_component id="oc-6e5">
         <name>.text:GPIO_setAsPeripheralModuleFunctionOutputPin</name>
         <load_address>0x6c0a</load_address>
         <run_address>0x6c0a</run_address>
         <size>0x8e</size>
         <input_file_ref idref="fl-11"/>
      </object_component>
      <object_component id="oc-a1a">
         <name>.text:dataPortInit</name>
         <load_address>0x6c98</load_address>
         <run_address>0x6c98</run_address>
         <size>0x8c</size>
         <input_file_ref idref="fl-27"/>
      </object_component>
      <object_component id="oc-baa">
         <name>.text:RTC_C_initCalendar</name>
         <load_address>0x6d24</load_address>
         <run_address>0x6d24</run_address>
         <size>0x86</size>
         <input_file_ref idref="fl-1b"/>
      </object_component>
      <object_component id="oc-8f5">
         <name>.text:psUInt16ToString</name>
         <load_address>0x6daa</load_address>
         <run_address>0x6daa</run_address>
         <size>0x86</size>
         <input_file_ref idref="fl-28"/>
      </object_component>
      <object_component id="oc-afc">
         <name>.text:Timer_A_initUpMode</name>
         <load_address>0x6e30</load_address>
         <run_address>0x6e30</run_address>
         <size>0x7c</size>
         <input_file_ref idref="fl-21"/>
      </object_component>
      <object_component id="oc-74b">
         <name>.text:debugPortInit</name>
         <load_address>0x6eac</load_address>
         <run_address>0x6eac</run_address>
         <size>0x7a</size>
         <input_file_ref idref="fl-28"/>
      </object_component>
      <object_component id="oc-838">
         <name>.text:__TI_auto_init_nobinit_nopinit_hold_wdt:__TI_auto_init_nobinit_nopinit_hold_wdt</name>
         <load_address>0x6f26</load_address>
         <run_address>0x6f26</run_address>
         <size>0x78</size>
         <input_file_ref idref="fl-78"/>
      </object_component>
      <object_component id="oc-79">
         <name>.text:decompress:lzss:__TI_decompress_lzss</name>
         <load_address>0x6f9e</load_address>
         <run_address>0x6f9e</run_address>
         <size>0x76</size>
         <input_file_ref idref="fl-51"/>
      </object_component>
      <object_component id="oc-870">
         <name>.text:GPIO_setAsPeripheralModuleFunctionInputPin</name>
         <load_address>0x7014</load_address>
         <run_address>0x7014</run_address>
         <size>0x72</size>
         <input_file_ref idref="fl-11"/>
      </object_component>
      <object_component id="oc-b93">
         <name>.text:tm_get_wyday</name>
         <load_address>0x7086</load_address>
         <run_address>0x7086</run_address>
         <size>0x70</size>
         <input_file_ref idref="fl-2c"/>
      </object_component>
      <object_component id="oc-b26">
         <name>.text:sendByte</name>
         <load_address>0x70f6</load_address>
         <run_address>0x70f6</run_address>
         <size>0x6e</size>
         <input_file_ref idref="fl-2b"/>
      </object_component>
      <object_component id="oc-bc3">
         <name>.text:rtc_set_alarm_monday</name>
         <load_address>0x7164</load_address>
         <run_address>0x7164</run_address>
         <size>0x6c</size>
         <input_file_ref idref="fl-2c"/>
      </object_component>
      <object_component id="oc-6f7">
         <name>.text:CS_initClockSignal</name>
         <load_address>0x71d0</load_address>
         <run_address>0x71d0</run_address>
         <size>0x6a</size>
         <input_file_ref idref="fl-8"/>
      </object_component>
      <object_component id="oc-911">
         <name>.text:initAudioPort</name>
         <load_address>0x723a</load_address>
         <run_address>0x723a</run_address>
         <size>0x68</size>
         <input_file_ref idref="fl-29"/>
      </object_component>
      <object_component id="oc-991">
         <name>.text:rtc_set_alarm</name>
         <load_address>0x72a2</load_address>
         <run_address>0x72a2</run_address>
         <size>0x68</size>
         <input_file_ref idref="fl-2c"/>
      </object_component>
      <object_component id="oc-715">
         <name>.text:initPortRF</name>
         <load_address>0x730a</load_address>
         <run_address>0x730a</run_address>
         <size>0x62</size>
         <input_file_ref idref="fl-29"/>
      </object_component>
      <object_component id="oc-901">
         <name>.text:psUInt8HexToString</name>
         <load_address>0x736c</load_address>
         <run_address>0x736c</run_address>
         <size>0x58</size>
         <input_file_ref idref="fl-28"/>
      </object_component>
      <object_component id="oc-c8b">
         <name>.text</name>
         <load_address>0x73c4</load_address>
         <run_address>0x73c4</run_address>
         <size>0x58</size>
         <input_file_ref idref="fl-6c"/>
      </object_component>
      <object_component id="oc-92d">
         <name>.text:nRF905_pwr_on</name>
         <load_address>0x741c</load_address>
         <run_address>0x741c</run_address>
         <size>0x56</size>
         <input_file_ref idref="fl-2b"/>
      </object_component>
      <object_component id="oc-952">
         <name>.text:psUInt16HexToString</name>
         <load_address>0x7472</load_address>
         <run_address>0x7472</run_address>
         <size>0x56</size>
         <input_file_ref idref="fl-28"/>
      </object_component>
      <object_component id="oc-ca1">
         <name>.text:readByte</name>
         <load_address>0x74c8</load_address>
         <run_address>0x74c8</run_address>
         <size>0x54</size>
         <input_file_ref idref="fl-2b"/>
      </object_component>
      <object_component id="oc-7a1">
         <name>.text:rx_fault</name>
         <load_address>0x751c</load_address>
         <run_address>0x751c</run_address>
         <size>0x54</size>
         <input_file_ref idref="fl-2a"/>
      </object_component>
      <object_component id="oc-aea">
         <name>.text:ADC12_B_configureMemory</name>
         <load_address>0x7570</load_address>
         <run_address>0x7570</run_address>
         <size>0x50</size>
         <input_file_ref idref="fl-3"/>
      </object_component>
      <object_component id="oc-8a0">
         <name>.text:Timer_A_initContinuousMode</name>
         <load_address>0x75c0</load_address>
         <run_address>0x75c0</run_address>
         <size>0x50</size>
         <input_file_ref idref="fl-21"/>
      </object_component>
      <object_component id="oc-7cb">
         <name>.text:nRF905_RxStart</name>
         <load_address>0x7610</load_address>
         <run_address>0x7610</run_address>
         <size>0x50</size>
         <input_file_ref idref="fl-2b"/>
      </object_component>
      <object_component id="oc-709">
         <name>.text:init_ports</name>
         <load_address>0x7660</load_address>
         <run_address>0x7660</run_address>
         <size>0x4e</size>
         <input_file_ref idref="fl-29"/>
      </object_component>
      <object_component id="oc-8b2">
         <name>.text:init_version</name>
         <load_address>0x76ae</load_address>
         <run_address>0x76ae</run_address>
         <size>0x4c</size>
         <input_file_ref idref="fl-2d"/>
      </object_component>
      <object_component id="oc-91d">
         <name>.text:audioSetThs</name>
         <load_address>0x76fa</load_address>
         <run_address>0x76fa</run_address>
         <size>0x4a</size>
         <input_file_ref idref="fl-26"/>
      </object_component>
      <object_component id="oc-ceb">
         <name>.text:I2C_Writebit</name>
         <load_address>0x7744</load_address>
         <run_address>0x7744</run_address>
         <size>0x46</size>
         <input_file_ref idref="fl-26"/>
      </object_component>
      <object_component id="oc-b42">
         <name>.text:RTC_C_configureCalendarAlarm</name>
         <load_address>0x778a</load_address>
         <run_address>0x778a</run_address>
         <size>0x46</size>
         <input_file_ref idref="fl-1b"/>
      </object_component>
      <object_component id="oc-727">
         <name>.text:rxTimerInit</name>
         <load_address>0x77d0</load_address>
         <run_address>0x77d0</run_address>
         <size>0x46</size>
         <input_file_ref idref="fl-2e"/>
      </object_component>
      <object_component id="oc-7d1">
         <name>.text:nRF905_TxDone</name>
         <load_address>0x7816</load_address>
         <run_address>0x7816</run_address>
         <size>0x44</size>
         <input_file_ref idref="fl-2b"/>
      </object_component>
      <object_component id="oc-863">
         <name>.text:RTC_C_disableInterrupt</name>
         <load_address>0x785a</load_address>
         <run_address>0x785a</run_address>
         <size>0x42</size>
         <input_file_ref idref="fl-1b"/>
      </object_component>
      <object_component id="oc-c1d">
         <name>.text:DSPLY_ADJ_VAR</name>
         <load_address>0x789c</load_address>
         <run_address>0x789c</run_address>
         <size>0x40</size>
         <input_file_ref idref="fl-26"/>
      </object_component>
      <object_component id="oc-88e">
         <name>.text:GPIO_setAsInputPin</name>
         <load_address>0x78dc</load_address>
         <run_address>0x78dc</run_address>
         <size>0x40</size>
         <input_file_ref idref="fl-11"/>
      </object_component>
      <object_component id="oc-aca">
         <name>.text:LTC1662Setup</name>
         <load_address>0x791c</load_address>
         <run_address>0x791c</run_address>
         <size>0x40</size>
         <input_file_ref idref="fl-26"/>
      </object_component>
      <object_component id="oc-b49">
         <name>.text:RTC_C_enableInterrupt</name>
         <load_address>0x795c</load_address>
         <run_address>0x795c</run_address>
         <size>0x40</size>
         <input_file_ref idref="fl-1b"/>
      </object_component>
      <object_component id="oc-9f5">
         <name>.text:nRF905_SetWkUpRTC</name>
         <load_address>0x799c</load_address>
         <run_address>0x799c</run_address>
         <size>0x40</size>
         <input_file_ref idref="fl-2b"/>
      </object_component>
      <object_component id="oc-bed">
         <name>.text:DSPLY_VAR_LMT</name>
         <load_address>0x79dc</load_address>
         <run_address>0x79dc</run_address>
         <size>0x3e</size>
         <input_file_ref idref="fl-26"/>
      </object_component>
      <object_component id="oc-869">
         <name>.text:RTC_C_clearInterrupt</name>
         <load_address>0x7a1a</load_address>
         <run_address>0x7a1a</run_address>
         <size>0x3e</size>
         <input_file_ref idref="fl-1b"/>
      </object_component>
      <object_component id="oc-a43">
         <name>.text:adcCapture</name>
         <load_address>0x7a58</load_address>
         <run_address>0x7a58</run_address>
         <size>0x3e</size>
         <input_file_ref idref="fl-26"/>
      </object_component>
      <object_component id="oc-808">
         <name>.text:flash_led0_red</name>
         <load_address>0x7a96</load_address>
         <run_address>0x7a96</run_address>
         <size>0x3e</size>
         <input_file_ref idref="fl-2a"/>
      </object_component>
      <object_component id="oc-802">
         <name>.text:flash_led1_green</name>
         <load_address>0x7ad4</load_address>
         <run_address>0x7ad4</run_address>
         <size>0x3e</size>
         <input_file_ref idref="fl-2a"/>
      </object_component>
      <object_component id="oc-a69">
         <name>.text:l_asr_const</name>
         <load_address>0x7b12</load_address>
         <run_address>0x7b12</run_address>
         <size>0x3e</size>
         <input_file_ref idref="fl-79"/>
      </object_component>
      <object_component id="oc-9ef">
         <name>.text:debugPortDisable</name>
         <load_address>0x7b50</load_address>
         <run_address>0x7b50</run_address>
         <size>0x3c</size>
         <input_file_ref idref="fl-28"/>
      </object_component>
      <object_component id="oc-5b8">
         <name>.text:memcpy</name>
         <load_address>0x7b8c</load_address>
         <run_address>0x7b8c</run_address>
         <size>0x3c</size>
         <input_file_ref idref="fl-81"/>
      </object_component>
      <object_component id="oc-7b9">
         <name>.text:rx_led1_green</name>
         <load_address>0x7bc8</load_address>
         <run_address>0x7bc8</run_address>
         <size>0x3c</size>
         <input_file_ref idref="fl-2a"/>
      </object_component>
      <object_component id="oc-6fd">
         <name>.text:CS_turnOnLFXT</name>
         <load_address>0x7c04</load_address>
         <run_address>0x7c04</run_address>
         <size>0x3a</size>
         <input_file_ref idref="fl-8"/>
      </object_component>
      <object_component id="oc-70f">
         <name>.text:pwr_led0_red</name>
         <load_address>0x7c3e</load_address>
         <run_address>0x7c3e</run_address>
         <size>0x36</size>
         <input_file_ref idref="fl-2a"/>
      </object_component>
      <object_component id="oc-880">
         <name>.text:GPIO_setAsOutputPin</name>
         <load_address>0x7c74</load_address>
         <run_address>0x7c74</run_address>
         <size>0x34</size>
         <input_file_ref idref="fl-11"/>
      </object_component>
      <object_component id="oc-795">
         <name>.text:nRF905_RxDone</name>
         <load_address>0x7ca8</load_address>
         <run_address>0x7ca8</run_address>
         <size>0x34</size>
         <input_file_ref idref="fl-2b"/>
      </object_component>
      <object_component id="oc-a2d">
         <name>.text:data_port_write_fram</name>
         <load_address>0x7cdc</load_address>
         <run_address>0x7cdc</run_address>
         <size>0x32</size>
         <input_file_ref idref="fl-27"/>
      </object_component>
      <object_component id="oc-65a">
         <name>.text:GPIO_getInterruptStatus</name>
         <load_address>0x7d0e</load_address>
         <run_address>0x7d0e</run_address>
         <size>0x30</size>
         <input_file_ref idref="fl-11"/>
      </object_component>
      <object_component id="oc-9be">
         <name>.text:nRF905_ReadData</name>
         <load_address>0x7d3e</load_address>
         <run_address>0x7d3e</run_address>
         <size>0x30</size>
         <input_file_ref idref="fl-2b"/>
      </object_component>
      <object_component id="oc-96a">
         <name>.text:GPIO_selectInterruptEdge</name>
         <load_address>0x7d6e</load_address>
         <run_address>0x7d6e</run_address>
         <size>0x2e</size>
         <input_file_ref idref="fl-11"/>
      </object_component>
      <object_component id="oc-94b">
         <name>.text:nRF905_TxStart</name>
         <load_address>0x7d9c</load_address>
         <run_address>0x7d9c</run_address>
         <size>0x2e</size>
         <input_file_ref idref="fl-2b"/>
      </object_component>
      <object_component id="oc-caf">
         <name>.text:tm_is_leap_year</name>
         <load_address>0x7dca</load_address>
         <run_address>0x7dca</run_address>
         <size>0x2e</size>
         <input_file_ref idref="fl-2c"/>
      </object_component>
      <object_component id="oc-b62">
         <name>.text:readBytes</name>
         <load_address>0x7df8</load_address>
         <run_address>0x7df8</run_address>
         <size>0x2c</size>
         <input_file_ref idref="fl-2b"/>
      </object_component>
      <object_component id="oc-cbe">
         <name>.text</name>
         <load_address>0x7e24</load_address>
         <run_address>0x7e24</run_address>
         <size>0x2c</size>
         <input_file_ref idref="fl-69"/>
      </object_component>
      <object_component id="oc-964">
         <name>.text:WriteBytes</name>
         <load_address>0x7e50</load_address>
         <run_address>0x7e50</run_address>
         <size>0x2a</size>
         <input_file_ref idref="fl-2b"/>
      </object_component>
      <object_component id="oc-c63">
         <name>.text:I2C_WriteByte</name>
         <load_address>0x7e7a</load_address>
         <run_address>0x7e7a</run_address>
         <size>0x28</size>
         <input_file_ref idref="fl-26"/>
      </object_component>
      <object_component id="oc-a27">
         <name>.text:data_uart_write</name>
         <load_address>0x7ea2</load_address>
         <run_address>0x7ea2</run_address>
         <size>0x28</size>
         <input_file_ref idref="fl-27"/>
      </object_component>
      <object_component id="oc-8ec">
         <name>.text:dbg_uart_write</name>
         <load_address>0x7eca</load_address>
         <run_address>0x7eca</run_address>
         <size>0x28</size>
         <input_file_ref idref="fl-28"/>
      </object_component>
      <object_component id="oc-958">
         <name>.text:load_wf</name>
         <load_address>0x7ef2</load_address>
         <run_address>0x7ef2</run_address>
         <size>0x28</size>
         <input_file_ref idref="fl-2b"/>
      </object_component>
      <object_component id="oc-ae1">
         <name>.text:ADC12_B_setupSamplingTimer</name>
         <load_address>0x7f1a</load_address>
         <run_address>0x7f1a</run_address>
         <size>0x26</size>
         <input_file_ref idref="fl-3"/>
      </object_component>
      <object_component id="oc-5fa">
         <name>.text:decompress:ZI:__TI_zero_init</name>
         <load_address>0x7f40</load_address>
         <run_address>0x7f40</run_address>
         <size>0x24</size>
         <input_file_ref idref="fl-68"/>
      </object_component>
      <object_component id="oc-c86">
         <name>.text</name>
         <load_address>0x7f64</load_address>
         <run_address>0x7f64</run_address>
         <size>0x24</size>
         <input_file_ref idref="fl-6f"/>
      </object_component>
      <object_component id="oc-bbc">
         <name>.text:EUSCI_A_UART_disableInterrupt</name>
         <load_address>0x7f88</load_address>
         <run_address>0x7f88</run_address>
         <size>0x22</size>
         <input_file_ref idref="fl-c"/>
      </object_component>
      <object_component id="oc-8df">
         <name>.text:EUSCI_A_UART_enableInterrupt</name>
         <load_address>0x7faa</load_address>
         <run_address>0x7faa</run_address>
         <size>0x22</size>
         <input_file_ref idref="fl-c"/>
      </object_component>
      <object_component id="oc-aa9">
         <name>.text:EUSCI_A_UART_transmitData</name>
         <load_address>0x7fcc</load_address>
         <run_address>0x7fcc</run_address>
         <size>0x22</size>
         <input_file_ref idref="fl-c"/>
      </object_component>
      <object_component id="oc-721">
         <name>.text:rtc_init</name>
         <load_address>0x7fee</load_address>
         <run_address>0x7fee</run_address>
         <size>0x22</size>
         <input_file_ref idref="fl-2c"/>
      </object_component>
      <object_component id="oc-9d1">
         <name>.text:rtc_load</name>
         <load_address>0x8010</load_address>
         <run_address>0x8010</run_address>
         <size>0x22</size>
         <input_file_ref idref="fl-2c"/>
      </object_component>
      <object_component id="oc-b57">
         <name>.text:uart_getByte</name>
         <load_address>0x8032</load_address>
         <run_address>0x8032</run_address>
         <size>0x22</size>
         <input_file_ref idref="fl-28"/>
      </object_component>
      <object_component id="oc-67a">
         <name>.text:EUSCI_A_UART_receiveData</name>
         <load_address>0x8054</load_address>
         <run_address>0x8054</run_address>
         <size>0x20</size>
         <input_file_ref idref="fl-c"/>
      </object_component>
      <object_component id="oc-6d3">
         <name>.text:WDT_A_hold</name>
         <load_address>0x8074</load_address>
         <run_address>0x8074</run_address>
         <size>0x20</size>
         <input_file_ref idref="fl-25"/>
      </object_component>
      <object_component id="oc-944">
         <name>.text:memset</name>
         <load_address>0x8094</load_address>
         <run_address>0x8094</run_address>
         <size>0x20</size>
         <input_file_ref idref="fl-82"/>
      </object_component>
      <object_component id="oc-7b3">
         <name>.text:nRF905_put_setup</name>
         <load_address>0x80b4</load_address>
         <run_address>0x80b4</run_address>
         <size>0x20</size>
         <input_file_ref idref="fl-2b"/>
      </object_component>
      <object_component id="oc-98b">
         <name>.text:rtc_set_fake_time</name>
         <load_address>0x80d4</load_address>
         <run_address>0x80d4</run_address>
         <size>0x20</size>
         <input_file_ref idref="fl-2c"/>
      </object_component>
      <object_component id="oc-a33">
         <name>.text:vMoveCursorBack</name>
         <load_address>0x80f4</load_address>
         <run_address>0x80f4</run_address>
         <size>0x20</size>
         <input_file_ref idref="fl-27"/>
      </object_component>
      <object_component id="oc-b51">
         <name>.text:vMoveCursorToBeginInput</name>
         <load_address>0x8114</load_address>
         <run_address>0x8114</run_address>
         <size>0x20</size>
         <input_file_ref idref="fl-2d"/>
      </object_component>
      <object_component id="oc-c23">
         <name>.text:DSPLY_EVENTNo</name>
         <load_address>0x8134</load_address>
         <run_address>0x8134</run_address>
         <size>0x1e</size>
         <input_file_ref idref="fl-26"/>
      </object_component>
      <object_component id="oc-646">
         <name>.text:GPIO_clearInterrupt</name>
         <load_address>0x8152</load_address>
         <run_address>0x8152</run_address>
         <size>0x1e</size>
         <input_file_ref idref="fl-11"/>
      </object_component>
      <object_component id="oc-9ad">
         <name>.text:GPIO_disableInterrupt</name>
         <load_address>0x8170</load_address>
         <run_address>0x8170</run_address>
         <size>0x1e</size>
         <input_file_ref idref="fl-11"/>
      </object_component>
      <object_component id="oc-970">
         <name>.text:GPIO_enableInterrupt</name>
         <load_address>0x818e</load_address>
         <run_address>0x818e</run_address>
         <size>0x1e</size>
         <input_file_ref idref="fl-11"/>
      </object_component>
      <object_component id="oc-ba4">
         <name>.text:RTC_C_holdClock</name>
         <load_address>0x81ac</load_address>
         <run_address>0x81ac</run_address>
         <size>0x1e</size>
         <input_file_ref idref="fl-1b"/>
      </object_component>
      <object_component id="oc-896">
         <name>.text:RTC_C_startClock</name>
         <load_address>0x81ca</load_address>
         <run_address>0x81ca</run_address>
         <size>0x1e</size>
         <input_file_ref idref="fl-1b"/>
      </object_component>
      <object_component id="oc-b16">
         <name>.text:nRF905_WriteConfig</name>
         <load_address>0x81e8</load_address>
         <run_address>0x81e8</run_address>
         <size>0x1e</size>
         <input_file_ref idref="fl-2b"/>
      </object_component>
      <object_component id="oc-cb8">
         <name>.text:tm_doomsday</name>
         <load_address>0x8206</load_address>
         <run_address>0x8206</run_address>
         <size>0x1e</size>
         <input_file_ref idref="fl-2c"/>
      </object_component>
      <object_component id="oc-a0a">
         <name>.text:GPIO_getInputPinValue</name>
         <load_address>0x8224</load_address>
         <run_address>0x8224</run_address>
         <size>0x1c</size>
         <input_file_ref idref="fl-11"/>
      </object_component>
      <object_component id="oc-77c">
         <name>.text:GPIO_setOutputHighOnPin</name>
         <load_address>0x8240</load_address>
         <run_address>0x8240</run_address>
         <size>0x1c</size>
         <input_file_ref idref="fl-11"/>
      </object_component>
      <object_component id="oc-887">
         <name>.text:GPIO_setOutputLowOnPin</name>
         <load_address>0x825c</load_address>
         <run_address>0x825c</run_address>
         <size>0x1c</size>
         <input_file_ref idref="fl-11"/>
      </object_component>
      <object_component id="oc-66c">
         <name>.text:GPIO_toggleOutputOnPin</name>
         <load_address>0x8278</load_address>
         <run_address>0x8278</run_address>
         <size>0x1c</size>
         <input_file_ref idref="fl-11"/>
      </object_component>
      <object_component id="oc-736">
         <name>.text:Fram2Clear</name>
         <load_address>0x8294</load_address>
         <run_address>0x8294</run_address>
         <size>0x1a</size>
         <input_file_ref idref="fl-2"/>
      </object_component>
      <object_component id="oc-6d9">
         <name>.text:WakeUpLPM35</name>
         <load_address>0x82ae</load_address>
         <run_address>0x82ae</run_address>
         <size>0x1a</size>
         <input_file_ref idref="fl-2"/>
      </object_component>
      <object_component id="oc-71b">
         <name>.text:audioOFF</name>
         <load_address>0x82c8</load_address>
         <run_address>0x82c8</run_address>
         <size>0x1a</size>
         <input_file_ref idref="fl-26"/>
      </object_component>
      <object_component id="oc-a49">
         <name>.text:ADC12_B_disable</name>
         <load_address>0x82e2</load_address>
         <run_address>0x82e2</run_address>
         <size>0x18</size>
         <input_file_ref idref="fl-3"/>
      </object_component>
      <object_component id="oc-917">
         <name>.text:audioON</name>
         <load_address>0x82fa</load_address>
         <run_address>0x82fa</run_address>
         <size>0x18</size>
         <input_file_ref idref="fl-26"/>
      </object_component>
      <object_component id="oc-933">
         <name>.text</name>
         <load_address>0x8312</load_address>
         <run_address>0x8312</run_address>
         <size>0x18</size>
         <input_file_ref idref="fl-6e"/>
      </object_component>
      <object_component id="oc-adb">
         <name>.text:ADC12_B_setResolution</name>
         <load_address>0x832a</load_address>
         <run_address>0x832a</run_address>
         <size>0x16</size>
         <input_file_ref idref="fl-3"/>
      </object_component>
      <object_component id="oc-770">
         <name>.text:DelayMS</name>
         <load_address>0x8340</load_address>
         <run_address>0x8340</run_address>
         <size>0x16</size>
         <input_file_ref idref="fl-2"/>
      </object_component>
      <object_component id="oc-7fb">
         <name>.text:audioHandleAudioEvent</name>
         <load_address>0x8356</load_address>
         <run_address>0x8356</run_address>
         <size>0x16</size>
         <input_file_ref idref="fl-26"/>
      </object_component>
      <object_component id="oc-7f">
         <name>.text:decompress:none:__TI_decompress_none</name>
         <load_address>0x836c</load_address>
         <run_address>0x836c</run_address>
         <size>0x16</size>
         <input_file_ref idref="fl-52"/>
      </object_component>
      <object_component id="oc-72d">
         <name>.text:init_setup</name>
         <load_address>0x8382</load_address>
         <run_address>0x8382</run_address>
         <size>0x16</size>
         <input_file_ref idref="fl-2d"/>
      </object_component>
      <object_component id="oc-79b">
         <name>.text:nRF905_pwr_off</name>
         <load_address>0x8398</load_address>
         <run_address>0x8398</run_address>
         <size>0x16</size>
         <input_file_ref idref="fl-2b"/>
      </object_component>
      <object_component id="oc-ab0">
         <name>.text</name>
         <load_address>0x83ae</load_address>
         <run_address>0x83ae</run_address>
         <size>0x16</size>
         <input_file_ref idref="fl-6b"/>
      </object_component>
      <object_component id="oc-78f">
         <name>.text:rxTimerStop</name>
         <load_address>0x83c4</load_address>
         <run_address>0x83c4</run_address>
         <size>0x16</size>
         <input_file_ref idref="fl-2e"/>
      </object_component>
      <object_component id="oc-95e">
         <name>.text:transactionDone</name>
         <load_address>0x83da</load_address>
         <run_address>0x83da</run_address>
         <size>0x16</size>
         <input_file_ref idref="fl-2b"/>
      </object_component>
      <object_component id="oc-97e">
         <name>.text:uart_getchar</name>
         <load_address>0x83f0</load_address>
         <run_address>0x83f0</run_address>
         <size>0x16</size>
         <input_file_ref idref="fl-28"/>
      </object_component>
      <object_component id="oc-af0">
         <name>.text:ADC12_B_clearInterrupt</name>
         <load_address>0x8406</load_address>
         <run_address>0x8406</run_address>
         <size>0x14</size>
         <input_file_ref idref="fl-3"/>
      </object_component>
      <object_component id="oc-8ac">
         <name>.text:load_setup</name>
         <load_address>0x841a</load_address>
         <run_address>0x841a</run_address>
         <size>0x14</size>
         <input_file_ref idref="fl-2d"/>
      </object_component>
      <object_component id="oc-9da">
         <name>.text:save_setup</name>
         <load_address>0x842e</load_address>
         <run_address>0x842e</run_address>
         <size>0x14</size>
         <input_file_ref idref="fl-2d"/>
      </object_component>
      <object_component id="oc-75e">
         <name>.text:vPrintString</name>
         <load_address>0x8442</load_address>
         <run_address>0x8442</run_address>
         <size>0x14</size>
         <input_file_ref idref="fl-28"/>
      </object_component>
      <object_component id="oc-6f1">
         <name>.text:CS_setExternalClockSource</name>
         <load_address>0x8456</load_address>
         <run_address>0x8456</run_address>
         <size>0x12</size>
         <input_file_ref idref="fl-8"/>
      </object_component>
      <object_component id="oc-b9a">
         <name>.text:RTC_C_convertBCDToBinary</name>
         <load_address>0x8468</load_address>
         <run_address>0x8468</run_address>
         <size>0x12</size>
         <input_file_ref idref="fl-1b"/>
      </object_component>
      <object_component id="oc-b69">
         <name>.text:RTC_C_convertBinaryToBCD</name>
         <load_address>0x847a</load_address>
         <run_address>0x847a</run_address>
         <size>0x12</size>
         <input_file_ref idref="fl-1b"/>
      </object_component>
      <object_component id="oc-764">
         <name>.text:audioInit</name>
         <load_address>0x848c</load_address>
         <run_address>0x848c</run_address>
         <size>0x12</size>
         <input_file_ref idref="fl-26"/>
      </object_component>
      <object_component id="oc-789">
         <name>.text:audio_int_disable</name>
         <load_address>0x849e</load_address>
         <run_address>0x849e</run_address>
         <size>0x12</size>
         <input_file_ref idref="fl-29"/>
      </object_component>
      <object_component id="oc-a02">
         <name>.text:audio_int_enable</name>
         <load_address>0x84b0</load_address>
         <run_address>0x84b0</run_address>
         <size>0x12</size>
         <input_file_ref idref="fl-29"/>
      </object_component>
      <object_component id="oc-a21">
         <name>.text:strcpy</name>
         <load_address>0x84c2</load_address>
         <run_address>0x84c2</run_address>
         <size>0x12</size>
         <input_file_ref idref="fl-83"/>
      </object_component>
      <object_component id="oc-909">
         <name>.text:strlen</name>
         <load_address>0x84d4</load_address>
         <run_address>0x84d4</run_address>
         <size>0x12</size>
         <input_file_ref idref="fl-84"/>
      </object_component>
      <object_component id="oc-8fb">
         <name>.text:vPrintChar</name>
         <load_address>0x84e6</load_address>
         <run_address>0x84e6</run_address>
         <size>0x12</size>
         <input_file_ref idref="fl-28"/>
      </object_component>
      <object_component id="oc-6df">
         <name>.text:initPortJ</name>
         <load_address>0x84f8</load_address>
         <run_address>0x84f8</run_address>
         <size>0x10</size>
         <input_file_ref idref="fl-29"/>
      </object_component>
      <object_component id="oc-673">
         <name>.text:ADC12_B_getResults</name>
         <load_address>0x8508</load_address>
         <run_address>0x8508</run_address>
         <size>0xe</size>
         <input_file_ref idref="fl-3"/>
      </object_component>
      <object_component id="oc-bf9">
         <name>.text:DSPLY_MSG_ABOVE</name>
         <load_address>0x8516</load_address>
         <run_address>0x8516</run_address>
         <size>0xe</size>
         <input_file_ref idref="fl-26"/>
      </object_component>
      <object_component id="oc-c05">
         <name>.text:DSPLY_MSG_BELOW</name>
         <load_address>0x8524</load_address>
         <run_address>0x8524</run_address>
         <size>0xe</size>
         <input_file_ref idref="fl-26"/>
      </object_component>
      <object_component id="oc-7c5">
         <name>.text:audioStart</name>
         <load_address>0x8532</load_address>
         <run_address>0x8532</run_address>
         <size>0xe</size>
         <input_file_ref idref="fl-26"/>
      </object_component>
      <object_component id="oc-997">
         <name>.text:rtc_enable_alarm</name>
         <load_address>0x8540</load_address>
         <run_address>0x8540</run_address>
         <size>0xe</size>
         <input_file_ref idref="fl-2c"/>
      </object_component>
      <object_component id="oc-7e3">
         <name>.text:rxTimerStart</name>
         <load_address>0x854e</load_address>
         <run_address>0x854e</run_address>
         <size>0xe</size>
         <input_file_ref idref="fl-2e"/>
      </object_component>
      <object_component id="oc-9fc">
         <name>.text:ADC12_B_enable</name>
         <load_address>0x855c</load_address>
         <run_address>0x855c</run_address>
         <size>0xc</size>
         <input_file_ref idref="fl-3"/>
      </object_component>
      <object_component id="oc-8d9">
         <name>.text:EUSCI_A_UART_clearInterrupt</name>
         <load_address>0x8568</load_address>
         <run_address>0x8568</run_address>
         <size>0xc</size>
         <input_file_ref idref="fl-c"/>
      </object_component>
      <object_component id="oc-782">
         <name>.text:EnterLPM3</name>
         <load_address>0x8574</load_address>
         <run_address>0x8574</run_address>
         <size>0xc</size>
         <input_file_ref idref="fl-2"/>
      </object_component>
      <object_component id="oc-a13">
         <name>.text:Timer_A_startCounter</name>
         <load_address>0x8580</load_address>
         <run_address>0x8580</run_address>
         <size>0xc</size>
         <input_file_ref idref="fl-21"/>
      </object_component>
      <object_component id="oc-751">
         <name>.text:vPrintEOL</name>
         <load_address>0x858c</load_address>
         <run_address>0x858c</run_address>
         <size>0xc</size>
         <input_file_ref idref="fl-28"/>
      </object_component>
      <object_component id="oc-be0">
         <name>.text:ADC12_B_isBusy</name>
         <load_address>0x8598</load_address>
         <run_address>0x8598</run_address>
         <size>0xa</size>
         <input_file_ref idref="fl-3"/>
      </object_component>
      <object_component id="oc-7a7">
         <name>.text:nRF905_Rx</name>
         <load_address>0x85a2</load_address>
         <run_address>0x85a2</run_address>
         <size>0xa</size>
         <input_file_ref idref="fl-2b"/>
      </object_component>
      <object_component id="oc-c80">
         <name>.text</name>
         <load_address>0x85ac</load_address>
         <run_address>0x85ac</run_address>
         <size>0xa</size>
         <input_file_ref idref="fl-73"/>
      </object_component>
      <object_component id="oc-bb4">
         <name>.text:ResetHW</name>
         <load_address>0x85b6</load_address>
         <run_address>0x85b6</run_address>
         <size>0x8</size>
         <input_file_ref idref="fl-2"/>
      </object_component>
      <object_component id="oc-653">
         <name>.text:Timer_A_stop</name>
         <load_address>0x85be</load_address>
         <run_address>0x85be</run_address>
         <size>0x8</size>
         <input_file_ref idref="fl-21"/>
      </object_component>
      <object_component id="oc-c11">
         <name>.text:DSPLY_CHAR</name>
         <load_address>0x85c6</load_address>
         <run_address>0x85c6</run_address>
         <size>0x6</size>
         <input_file_ref idref="fl-26"/>
      </object_component>
      <object_component id="oc-a39">
         <name>.text:EUSCI_A_UART_disable</name>
         <load_address>0x85cc</load_address>
         <run_address>0x85cc</run_address>
         <size>0x6</size>
         <input_file_ref idref="fl-c"/>
      </object_component>
      <object_component id="oc-8d3">
         <name>.text:EUSCI_A_UART_enable</name>
         <load_address>0x85d2</load_address>
         <run_address>0x85d2</run_address>
         <size>0x6</size>
         <input_file_ref idref="fl-c"/>
      </object_component>
      <object_component id="oc-703">
         <name>.text:PMM_unlockLPM5</name>
         <load_address>0x85d8</load_address>
         <run_address>0x85d8</run_address>
         <size>0x6</size>
         <input_file_ref idref="fl-17"/>
      </object_component>
      <object_component id="oc-9b4">
         <name>.text:Timer_A_clear</name>
         <load_address>0x85de</load_address>
         <run_address>0x85de</run_address>
         <size>0x6</size>
         <input_file_ref idref="fl-21"/>
      </object_component>
      <object_component id="oc-666">
         <name>.text:Timer_A_clearTimerInterrupt</name>
         <load_address>0x85e4</load_address>
         <run_address>0x85e4</run_address>
         <size>0x6</size>
         <input_file_ref idref="fl-21"/>
      </object_component>
      <object_component id="oc-814">
         <name>.text:abort</name>
         <load_address>0x85ea</load_address>
         <run_address>0x85ea</run_address>
         <size>0x6</size>
         <input_file_ref idref="fl-7e"/>
      </object_component>
      <object_component id="oc-be7">
         <name>.text:getRAMn_DEBUG</name>
         <load_address>0x85f0</load_address>
         <run_address>0x85f0</run_address>
         <size>0x6</size>
         <input_file_ref idref="fl-26"/>
      </object_component>
      <object_component id="oc-c29">
         <name>.text:getRAMn_MODE</name>
         <load_address>0x85f6</load_address>
         <run_address>0x85f6</run_address>
         <size>0x6</size>
         <input_file_ref idref="fl-26"/>
      </object_component>
      <object_component id="oc-bff">
         <name>.text:getRAMn_VAR_LMT0</name>
         <load_address>0x85fc</load_address>
         <run_address>0x85fc</run_address>
         <size>0x6</size>
         <input_file_ref idref="fl-26"/>
      </object_component>
      <object_component id="oc-bf3">
[...]
         <name>nRF905_send_3rd</name>
         <value>0x5bb4</value>
         <object_component_ref idref="oc-7ef"/>
      </symbol>
      <symbol id="sm-c18">
         <name>Port_3</name>
         <value>0x9242</value>
         <object_component_ref idref="oc-5d0"/>
      </symbol>
      <symbol id="sm-c19">
         <name>nRF905_SetWkUpRTC</name>
         <value>0x799c</value>
         <object_component_ref idref="oc-9f5"/>
      </symbol>
      <symbol id="sm-c1a">
         <name>nRF905_Rx</name>
         <value>0x85a2</value>
         <object_component_ref idref="oc-7a7"/>
      </symbol>
      <symbol id="sm-c1b">
         <name>nRF905_SetRTC</name>
         <value>0x63ee</value>
         <object_component_ref idref="oc-7ad"/>
      </symbol>
      <symbol id="sm-c1c">
         <name>nRF905_put_setup</name>
         <value>0x80b4</value>
         <object_component_ref idref="oc-7b3"/>
      </symbol>
      <symbol id="sm-c1d">
         <name>nRF905_pwr_off</name>
         <value>0x8398</value>
         <object_component_ref idref="oc-79b"/>
      </symbol>
      <symbol id="sm-c1e">
         <name>nRF905_sndRstHB</name>
         <value>0x51f4</value>
         <object_component_ref idref="oc-76a"/>
      </symbol>
      <symbol id="sm-c1f">
         <name>nRF905_RxStart</name>
         <value>0x7610</value>
         <object_component_ref idref="oc-7cb"/>
      </symbol>
      <symbol id="sm-c20">
         <name>getSendWfFlag</name>
         <value>0x8608</value>
         <object_component_ref idref="oc-7d7"/>
      </symbol>
      <symbol id="sm-c21">
         <name>nRF905_send_2nd</name>
         <value>0x5cfa</value>
         <object_component_ref idref="oc-7f5"/>
      </symbol>
      <symbol id="sm-c22">
         <name>nRF905_RxDone</name>
         <value>0x7ca8</value>
         <object_component_ref idref="oc-795"/>
      </symbol>
      <symbol id="sm-c23">
         <name>nRF905_TxDone</name>
         <value>0x7816</value>
         <object_component_ref idref="oc-7d1"/>
      </symbol>
      <symbol id="sm-cf4">
         <name>rtc_enable_alarm</name>
         <value>0x8540</value>
         <object_component_ref idref="oc-997"/>
      </symbol>
      <symbol id="sm-cf5">
         <name>printDateTime</name>
         <value>0x64f0</value>
         <object_component_ref idref="oc-9cb"/>
      </symbol>
      <symbol id="sm-cf6">
         <name>__TI_int28</name>
         <value>0xffc8</value>
         <object_component_ref idref="oc-86"/>
      </symbol>
      <symbol id="sm-cf7">
         <name>rtc_set_hours</name>
         <value>0x861a</value>
         <object_component_ref idref="oc-b7b"/>
      </symbol>
      <symbol id="sm-cf8">
         <name>rtc_set_alarm_monday</name>
         <value>0x7164</value>
         <object_component_ref idref="oc-bc3"/>
      </symbol>
      <symbol id="sm-cf9">
         <name>rtc_set_fake_time</name>
         <value>0x80d4</value>
         <object_component_ref idref="oc-98b"/>
      </symbol>
      <symbol id="sm-cfa">
         <name>rtc_set_year</name>
         <value>0x8632</value>
         <object_component_ref idref="oc-b8d"/>
      </symbol>
      <symbol id="sm-cfb">
         <name>rtc_set_month</name>
         <value>0x8626</value>
         <object_component_ref idref="oc-b87"/>
      </symbol>
      <symbol id="sm-cfc">
         <name>packet2calendar</name>
         <value>0x699e</value>
         <object_component_ref idref="oc-9c5"/>
      </symbol>
      <symbol id="sm-cfd">
         <name>printVersion</name>
         <value>0x60b0</value>
         <object_component_ref idref="oc-757"/>
      </symbol>
      <symbol id="sm-cfe">
         <name>rtc_set_day</name>
         <value>0x8614</value>
         <object_component_ref idref="oc-b81"/>
      </symbol>
      <symbol id="sm-cff">
         <name>rtc_set_sec</name>
         <value>0x862c</value>
         <object_component_ref idref="oc-b6f"/>
      </symbol>
      <symbol id="sm-d00">
         <name>rtc_get_wday</name>
         <value>0x860e</value>
         <object_component_ref idref="oc-9e9"/>
      </symbol>
      <symbol id="sm-d01">
         <name>rtc_set_min</name>
         <value>0x8620</value>
         <object_component_ref idref="oc-b75"/>
      </symbol>
      <symbol id="sm-d02">
         <name>rtc_set_alarm</name>
         <value>0x72a2</value>
         <object_component_ref idref="oc-991"/>
      </symbol>
      <symbol id="sm-d03">
         <name>rtc_init</name>
         <value>0x7fee</value>
         <object_component_ref idref="oc-721"/>
      </symbol>
      <symbol id="sm-d04">
         <name>rtc_load</name>
         <value>0x8010</value>
         <object_component_ref idref="oc-9d1"/>
      </symbol>
      <symbol id="sm-d05">
         <name>RTC_ISR</name>
         <value>0x92a8</value>
         <object_component_ref idref="oc-5ca"/>
      </symbol>
      <symbol id="sm-dbd">
         <name>setup_enter</name>
         <value>0x58aa</value>
         <object_component_ref idref="oc-776"/>
      </symbol>
      <symbol id="sm-dbe">
         <name>init_setup</name>
         <value>0x8382</value>
         <object_component_ref idref="oc-72d"/>
      </symbol>
      <symbol id="sm-dbf">
         <name>put_setup</name>
         <value>0x5a40</value>
         <object_component_ref idref="oc-9e1"/>
      </symbol>
      <symbol id="sm-dc0">
         <name>save_setup</name>
         <value>0x842e</value>
         <object_component_ref idref="oc-9da"/>
      </symbol>
      <symbol id="sm-dc1">
         <name>load_setup</name>
         <value>0x841a</value>
         <object_component_ref idref="oc-8ac"/>
      </symbol>
      <symbol id="sm-dc2">
         <name>init_version</name>
         <value>0x76ae</value>
         <object_component_ref idref="oc-8b2"/>
      </symbol>
      <symbol id="sm-df9">
         <name>__TI_int32</name>
         <value>0xffd0</value>
         <object_component_ref idref="oc-89"/>
      </symbol>
      <symbol id="sm-dfa">
         <name>rxTimerStart</name>
         <value>0x854e</value>
         <object_component_ref idref="oc-7e3"/>
      </symbol>
      <symbol id="sm-dfb">
         <name>rxTimerSet</name>
         <value>0x8638</value>
         <object_component_ref idref="oc-7dd"/>
      </symbol>
      <symbol id="sm-dfc">
         <name>TIMER3_A1_ISR</name>
         <value>0x9276</value>
         <object_component_ref idref="oc-5d6"/>
      </symbol>
      <symbol id="sm-dfd">
         <name>rxTimerStop</name>
         <value>0x83c4</value>
         <object_component_ref idref="oc-78f"/>
      </symbol>
      <symbol id="sm-dfe">
         <name>rxTimerInit</name>
         <value>0x77d0</value>
         <object_component_ref idref="oc-727"/>
      </symbol>
      <symbol id="sm-e17">
         <name>adcCopy2FRAM2</name>
         <value>0x54ac</value>
         <object_component_ref idref="oc-bda"/>
      </symbol>
      <symbol id="sm-e53">
         <name>RAM_AUDIO_ADJ_VAR</name>
         <value>0x1cc2</value>
         <object_component_ref idref="oc-749"/>
      </symbol>
      <symbol id="sm-e54">
         <name>RAM_EVENTNo</name>
         <value>0x1cca</value>
         <object_component_ref idref="oc-749"/>
      </symbol>
      <symbol id="sm-e55">
         <name>MUL_3232</name>
         <value>0x4a92</value>
         <object_component_ref idref="oc-a4f"/>
      </symbol>
      <symbol id="sm-e56">
         <name>MUL_3232x</name>
         <value>0x4af8</value>
         <object_component_ref idref="oc-a4f"/>
      </symbol>
      <symbol id="sm-e57">
         <name>HW_MPY_1616</name>
         <value>0x4a38</value>
         <object_component_ref idref="oc-a4f"/>
      </symbol>
      <symbol id="sm-e58">
         <name>START_TIMERA1_LMT</name>
         <value>0x4a1e</value>
         <object_component_ref idref="oc-a4f"/>
      </symbol>
      <symbol id="sm-e59">
         <name>MUL_1616x</name>
         <value>0x4a6c</value>
         <object_component_ref idref="oc-a4f"/>
      </symbol>
      <symbol id="sm-e5a">
         <name>RAM_AUDIO_VAR01</name>
         <value>0x1cbe</value>
         <object_component_ref idref="oc-749"/>
      </symbol>
      <symbol id="sm-e5b">
         <name>MUL_1616</name>
         <value>0x4a76</value>
         <object_component_ref idref="oc-a4f"/>
      </symbol>
      <symbol id="sm-e5c">
         <name>RAM_AUDIO_VAR0</name>
         <value>0x1cb6</value>
         <object_component_ref idref="oc-749"/>
      </symbol>
      <symbol id="sm-e5d">
         <name>RAM_AUDIO_VAR1</name>
         <value>0x1cba</value>
         <object_component_ref idref="oc-749"/>
      </symbol>
      <symbol id="sm-e5e">
         <name>RAM_NoALRMS</name>
         <value>0x1ccc</value>
         <object_component_ref idref="oc-749"/>
      </symbol>
      <symbol id="sm-e5f">
         <name>ANALYZE_AUDIO_EVENT_FINAL</name>
         <value>0x4d96</value>
         <object_component_ref idref="oc-a4f"/>
      </symbol>
      <symbol id="sm-e60">
         <name>RD_CNTRA0</name>
         <value>0x4a32</value>
         <object_component_ref idref="oc-a4f"/>
      </symbol>
      <symbol id="sm-e61">
         <name>HW_MPY_3232</name>
         <value>0x4a4a</value>
         <object_component_ref idref="oc-a4f"/>
      </symbol>
      <symbol id="sm-e62">
         <name>STOP_TIMERA1</name>
         <value>0x4a2a</value>
         <object_component_ref idref="oc-a4f"/>
      </symbol>
      <symbol id="sm-e85">
         <name>__TI_decompress_lzss</name>
         <value>0x6f9e</value>
         <object_component_ref idref="oc-79"/>
      </symbol>
      <symbol id="sm-e96">
         <name>__TI_decompress_none</name>
         <value>0x836c</value>
         <object_component_ref idref="oc-7f"/>
      </symbol>
      <symbol id="sm-e99">
         <name>__TI_int27</name>
         <value>0xffc6</value>
         <object_component_ref idref="oc-85"/>
      </symbol>
      <symbol id="sm-ea1">
         <name>__TI_ISR_TRAP</name>
         <value>0x938a</value>
         <object_component_ref idref="oc-5c5"/>
      </symbol>
      <symbol id="sm-ea4">
         <name>__TI_int30</name>
         <value>0xffcc</value>
         <object_component_ref idref="oc-87"/>
      </symbol>
      <symbol id="sm-ea7">
         <name>__TI_int33</name>
         <value>0xffd2</value>
         <object_component_ref idref="oc-8a"/>
      </symbol>
      <symbol id="sm-eaa">
         <name>__TI_int34</name>
         <value>0xffd4</value>
         <object_component_ref idref="oc-8b"/>
      </symbol>
      <symbol id="sm-ead">
         <name>__TI_int35</name>
         <value>0xffd6</value>
         <object_component_ref idref="oc-8c"/>
      </symbol>
      <symbol id="sm-eb0">
         <name>__TI_int36</name>
         <value>0xffd8</value>
         <object_component_ref idref="oc-8d"/>
      </symbol>
      <symbol id="sm-eb3">
         <name>__TI_int39</name>
         <value>0xffde</value>
         <object_component_ref idref="oc-90"/>
      </symbol>
      <symbol id="sm-eb6">
         <name>__TI_int40</name>
         <value>0xffe0</value>
         <object_component_ref idref="oc-91"/>
      </symbol>
      <symbol id="sm-eb9">
         <name>__TI_int41</name>
         <value>0xffe2</value>
         <object_component_ref idref="oc-92"/>
      </symbol>
      <symbol id="sm-ebc">
         <name>__TI_int42</name>
         <value>0xffe4</value>
         <object_component_ref idref="oc-93"/>
      </symbol>
      <symbol id="sm-ebf">
         <name>__TI_int43</name>
         <value>0xffe6</value>
         <object_component_ref idref="oc-94"/>
      </symbol>
      <symbol id="sm-ec2">
         <name>__TI_int44</name>
         <value>0xffe8</value>
         <object_component_ref idref="oc-95"/>
      </symbol>
      <symbol id="sm-ec5">
         <name>__TI_int46</name>
         <value>0xffec</value>
         <object_component_ref idref="oc-97"/>
      </symbol>
      <symbol id="sm-ec8">
         <name>__TI_int48</name>
         <value>0xfff0</value>
         <object_component_ref idref="oc-99"/>
      </symbol>
      <symbol id="sm-ecb">
         <name>__TI_int49</name>
         <value>0xfff2</value>
         <object_component_ref idref="oc-9a"/>
      </symbol>
      <symbol id="sm-ece">
         <name>__TI_int50</name>
         <value>0xfff4</value>
         <object_component_ref idref="oc-9b"/>
      </symbol>
      <symbol id="sm-ed1">
         <name>__TI_int51</name>
         <value>0xfff6</value>
         <object_component_ref idref="oc-9c"/>
      </symbol>
      <symbol id="sm-ed4">
         <name>__TI_int52</name>
         <value>0xfff8</value>
         <object_component_ref idref="oc-9d"/>
      </symbol>
      <symbol id="sm-ed7">
         <name>__TI_int53</name>
         <value>0xfffa</value>
         <object_component_ref idref="oc-9e"/>
      </symbol>
      <symbol id="sm-eda">
         <name>__TI_int54</name>
         <value>0xfffc</value>
         <object_component_ref idref="oc-9f"/>
      </symbol>
      <symbol id="sm-eed">
         <name>__TI_zero_init</name>
         <value>0x7f40</value>
         <object_component_ref idref="oc-5fa"/>
      </symbol>
      <symbol id="sm-ef9">
         <name>__mspabi_remi</name>
         <value>0x7e24</value>
         <object_component_ref idref="oc-cbe"/>
      </symbol>
      <symbol id="sm-efa">
         <name>__mspabi_divi</name>
         <value>0x7e24</value>
         <object_component_ref idref="oc-cbe"/>
      </symbol>
      <symbol id="sm-f05">
         <name>__mspabi_remu</name>
         <value>0x83ae</value>
         <object_component_ref idref="oc-ab0"/>
      </symbol>
      <symbol id="sm-f06">
         <name>__mspabi_divu</name>
         <value>0x83ae</value>
         <object_component_ref idref="oc-ab0"/>
      </symbol>
      <symbol id="sm-f14">
         <name>__mspabi_remul</name>
         <value>0x73c4</value>
         <object_component_ref idref="oc-c8b"/>
      </symbol>
      <symbol id="sm-f15">
         <name>__mspabi_divul</name>
         <value>0x73c4</value>
         <object_component_ref idref="oc-c8b"/>
      </symbol>
      <symbol id="sm-f1e">
         <name>__mspabi_mpyi_f5hw</name>
         <value>0x8312</value>
         <object_component_ref idref="oc-933"/>
      </symbol>
      <symbol id="sm-f26">
         <name>__mspabi_mpyl_f5hw</name>
         <value>0x7f64</value>
         <object_component_ref idref="oc-c86"/>
      </symbol>
      <symbol id="sm-f32">
         <name>__mspabi_slli</name>
         <value>0x85ac</value>
         <object_component_ref idref="oc-c80"/>
      </symbol>
      <symbol id="sm-f43">
         <name>_stack</name>
         <value>0x2360</value>
         <object_component_ref idref="oc-5a9"/>
      </symbol>
      <symbol id="sm-f44">
         <name>_c_int00_noargs</name>
         <value>0x936e</value>
         <object_component_ref idref="oc-606"/>
      </symbol>
      <symbol id="sm-f45">
         <name>_reset_vector</name>
         <value>0xfffe</value>
         <object_component_ref idref="oc-5ac"/>
      </symbol>
      <symbol id="sm-f69">
         <name>__TI_auto_init_nobinit_nopinit_hold_wdt</name>
         <value>0x6f26</value>
         <object_component_ref idref="oc-838"/>
      </symbol>
      <symbol id="sm-f71">
         <name>__mspabi_sral_15</name>
         <value>0x7b12</value>
         <object_component_ref idref="oc-a69"/>
      </symbol>
      <symbol id="sm-f72">
         <name>__mspabi_sral_14</name>
         <value>0x7b16</value>
         <object_component_ref idref="oc-a69"/>
      </symbol>
      <symbol id="sm-f73">
         <name>__mspabi_sral_13</name>
         <value>0x7b1a</value>
         <object_component_ref idref="oc-a69"/>
      </symbol>
      <symbol id="sm-f74">
         <name>__mspabi_sral_12</name>
         <value>0x7b1e</value>
         <object_component_ref idref="oc-a69"/>
      </symbol>
      <symbol id="sm-f75">
         <name>__mspabi_sral_11</name>
         <value>0x7b22</value>
         <object_component_ref idref="oc-a69"/>
      </symbol>
      <symbol id="sm-f76">
         <name>__mspabi_sral_10</name>
         <value>0x7b26</value>
         <object_component_ref idref="oc-a69"/>
      </symbol>
      <symbol id="sm-f77">
         <name>__mspabi_sral_8</name>
         <value>0x7b2e</value>
         <object_component_ref idref="oc-a69"/>
      </symbol>
      <symbol id="sm-f78">
         <name>__mspabi_sral_9</name>
         <value>0x7b2a</value>
         <object_component_ref idref="oc-a69"/>
      </symbol>
      <symbol id="sm-f79">
         <name>__mspabi_sral_6</name>
         <value>0x7b36</value>
         <object_component_ref idref="oc-a69"/>
      </symbol>
      <symbol id="sm-f7a">
         <name>__mspabi_sral_7</name>
         <value>0x7b32</value>
         <object_component_ref idref="oc-a69"/>
      </symbol>
      <symbol id="sm-f7b">
         <name>__mspabi_sral_4</name>
         <value>0x7b3e</value>
         <object_component_ref idref="oc-a69"/>
      </symbol>
      <symbol id="sm-f7c">
         <name>__mspabi_sral_5</name>
         <value>0x7b3a</value>
         <object_component_ref idref="oc-a69"/>
      </symbol>
      <symbol id="sm-f7d">
         <name>__mspabi_sral_2</name>
         <value>0x7b46</value>
         <object_component_ref idref="oc-a69"/>
      </symbol>
      <symbol id="sm-f7e">
         <name>__mspabi_sral_3</name>
         <value>0x7b42</value>
         <object_component_ref idref="oc-a69"/>
      </symbol>
      <symbol id="sm-f7f">
         <name>__mspabi_sral_1</name>
         <value>0x7b4a</value>
         <object_component_ref idref="oc-a69"/>
      </symbol>
      <symbol id="sm-f89">
         <name>_ctypes_</name>
         <value>0x8fda</value>
         <object_component_ref idref="oc-b37"/>
      </symbol>
      <symbol id="sm-f92">
         <name>_system_post_cinit</name>
         <value>0x8648</value>
         <object_component_ref idref="oc-a6e"/>
      </symbol>
      <symbol id="sm-f9b">
         <name>_system_pre_init</name>
         <value>0x8644</value>
         <object_component_ref idref="oc-68c"/>
      </symbol>
      <symbol id="sm-fa6">
         <name>C$$EXIT</name>
         <value>0x85ea</value>
         <object_component_ref idref="oc-814"/>
      </symbol>
      <symbol id="sm-fa7">
         <name>abort</name>
         <value>0x85ea</value>
         <object_component_ref idref="oc-814"/>
      </symbol>
      <symbol id="sm-fbd">
         <name>memcpy</name>
         <value>0x7b8c</value>
         <object_component_ref idref="oc-5b8"/>
      </symbol>
      <symbol id="sm-fcc">
         <name>memset</name>
         <value>0x8094</value>
         <object_component_ref idref="oc-944"/>
      </symbol>
      <symbol id="sm-fd9">
         <name>strcpy</name>
         <value>0x84c2</value>
         <object_component_ref idref="oc-a21"/>
      </symbol>
      <symbol id="sm-fe6">
         <name>strlen</name>
         <value>0x84d4</value>
         <object_component_ref idref="oc-909"/>
      </symbol>
      <symbol id="sm-100b">
         <name>strtoul</name>
         <value>0x56d2</value>
         <object_component_ref idref="oc-b31"/>
      </symbol>
      <symbol id="sm-1013">
         <name>errno</name>
         <value>0x1d26</value>
         <object_component_ref idref="oc-c90"/>
      </symbol>
   </symbol_table>
   <title>Link successful</title>
</link_info>
